This is LuaHBTeX, Version 1.21.0 (TeX Live 2025)  (format=optex 2026.1.30)  8 SEP 2026 15:08
 restricted system commands enabled.
**main.tex
(./main.tex This is OpTeX (Olsak's Plain TeX), version <1.17 Feb 2025>
(./main.ref (./main.xrf))
\openout1 = main.ref

(/usr/local/texlive/2025/texmf-dist/tex/optex/opbible/opbible.opm
@:[opbible] OpBible: macros for creating annotated Bible

This is OP-Bible, version <0.31, 2023-10-04>
(/usr/local/texlive/2025/texmf-dist/tex/optex/pkg/vlna.opm
@:[vlna] Preventing single-chars prepositions and more <2023-06-23>
\_vlna_preventsinglestatus=\attribute3
)
(/usr/local/texlive/2025/texmf-dist/tex/optex/pkg/mte.opm
@:[mte] MicroTypographic Extension <0.1, 2021-05-23>
)
\_opb_lrmargin=\dimen295
luaotfload | conf : Root cache directory is "/Users/ericvandermerwe/Library/texl
ive/2025/texmf-var/luatex-cache/generic/names".
luaotfload | init : Loading fontloader "fontloader-2023-12-28.lua" from kpse-res
olved path "/usr/local/texlive/2025/texmf-dist/tex/luatex/luaotfload/fontloader-
2023-12-28.lua".
"luaotfload@noligature"=\attribute4
luaotfload | init : Context OpenType loader version 3.134
"luaotfload_color_attribute"=\attribute5
luaotfload | conf : Root cache directory is "/Users/ericvandermerwe/Library/texl
ive/2025/texmf-var/luatex-cache/generic/names".
"luaotfload.letterspace_done"=\attribute6
(/usr/local/texlive/2025/texmf-dist/tex/optex/base/f-lmfonts.opm
luaotfload | db : Font names database loaded from /Users/ericvandermerwe/Library
/texlive/2025/texmf-var/luatex-cache/generic/names/luaotfload-names.luc.gz
FONT: [Latin Modern] -- \LMfonts (TeX Gyre fonts based on Computer Modern)
 mods:{\roman \sans \quotset \ttset \ttprop \ttlight \ttcond \upital \dunhill s
ubmods:\caps \slant \nbold \bolder } vars:{\rm \bf \it \bi \tt } math:{LM}
Modifiers (selects subfamily):
 \modreset .. implicit values (serif, bold extended, nocaps)
 \sans ...... sans serif subfamily
 \quotset ... quotation subfamily
 \ttset ..... typewriter subfamily
 \ttprop .... proportional typewriter-like subfamily
 \ttlight ... light typewriter subfamily
 \ttcond .... condensed typewriter subfamily
 \upital .... upright italic (only \rm )
 \dunhill ... dunhill roman subfamily (only \rm , \it )
Sub-modifiers (selects special variants of given subfamily):
 \caps ...... caps & small caps (available only at limited shapes)
 \slant ..... slanted (default in some subfamilies)
 \nbold ..... normal bold (extended bold is default)
 \bolder .... extended bold
Note: Text fonts support optical sizes, but LatinModern-Math only for scripts.
 Use another CM-like family if optical sizes not wanted: \fontfam [NewCM]. 
MATH-FONT: "[latinmodern-math]" -- unicode math prepared.
(/usr/local/texlive/2025/texmf-dist/tex/optex/base/unimath-codes.opm
@:[unimath-codes] Uni math codes <2025-02-09>
\_umathnumA=\count298
\_umathnumB=\count299

(/usr/local/texlive/2025/texmf-dist/tex/optex/base/mathclass.opm)
(/usr/local/texlive/2025/texmf-dist/tex/optex/base/unimath-table.opm)))
(/usr/local/texlive/2025/texmf-dist/tex/optex/base/f-heros.opm
FONT: [Heros] -- \Heros (TeX Gyre Heros fonts based on Helvetica)
 mods:{\caps \cond } vars:{\rm \bf \it \bi } math:{FiraMath}
Modifiers:
 \caps ...... caps & small caps
 \cond ...... condensed variants
 
) (/usr/local/texlive/2025/texmf-dist/tex/optex/opbible/f-biblon.opm
luaotfload | db : Reload initiated (formats: otf,ttf,ttc); reason: File not foun
d: "BiblonITC".
WARNING l.5: Family [Biblon] skipped, font "[BiblonITC]" not found.
) (/usr/local/texlive/2025/texmf-dist/tex/optex/base/f-termes.opm
FONT: [Termes] -- \Termes (TeX Gyre Termes fonts based on Times)
 mods:{\caps } vars:{\rm \bf \it \bi } math:{Termes}
Modifier:
 \caps ...... caps & small caps
 
)
\_opb_notenum=\count300
\_opb_centermargin=\dimen296
\_opb_chapnum=\count301
\_opb_xrf=\write2

\openout2 = main.xrf
\_opb_numvariants=\count302
\_opb_switchD=\toks304
\_opb_noteins=\_insert252
\_opb_botins=\_insert251
\_opb_articlenum=\count303
\_opb_spanpicbox=\box262
\_opb_spantextnum=\count304
\_opb_citenum=\count305
\_opb_lqqbox=\box263
\_opb_rqqbox=\box264
\_opb_shapenum=\count306
\_opb_ii=\dimen297
\_opb_w=\dimen298
\_opb_globpar=\count307
\_opb_blocklevel=\count308
\_opb_frtop=\dimen299
\_opb_frbottom=\dimen300
\_opb_colsep=\dimen301
\_opb_timeline=\count309
\_opb_tlwidth=\dimen302
\_opb_syntaxmacros=\toks305
\_opb_outfile=\write3
) (./books.tex)

** Revelation {Rev} (\tmark: KJV) **

(./intros/intro-Rev.tex) (./formats/fmt-KJV-Rev.tex) (./notes/notes-Rev.tex)
(./bible_text/KJV-Rev.txs [1{/usr/local/texlive/2025/texmf-var/fonts/map/pdftex/
updmap/pdftex.map}] [2]
WARNING l.72: \Note: Rev/4:1: The text "things to come hereafter" not found.
[3]
  \Note 4:1 {}={things to come hereafter} (3)
  \Note 4:1 {door was opened in heaven}={door was opened in heaven} (1)
  \Note 4:1 {voice which I heard was as it were of a trumpet}={voice which I he
ard was as it were of a trumpet} (2)
  \Note 4:2 {throne}={throne} (4)
  \Note 4:2 {one sat on the throne}={one sat on the throne} (5)
  \Note 4:3 {jasper}={jasper} (7)
  \Note 4:3 {sardine}={sardine} (8)
  \Note 4:3 {stone}={stone} (6)
  \Note 4:3 {rainbow round about the throne, in sight like unto an emerald}={ra
inbow round about the throne, in sight like unto an emerald} (9)
  \Note  {}={} (12)
  \Note 4:4 {four and twenty}={four and twenty} (10)
  \Note 4:4 {seats}={seats} (11)
  \Note 4:4 {white raiment}={white raiment} (13)
  \Note 4:4 {crowns of gold}={crowns of gold} (14)
  \Note  {}={} (15)
  \Note 4:5 {lightnings}={lightnings} (16)
  \Note 4:5 {thunderings}={thunderings} (17)
  \Note 4:5 {voices}={voices} (18)
  \Note 4:6 {sea}={sea} (19)
  \Note 4:6 {crystal}={crystal} (20)
  \Note 4:6 {four beasts}={four beasts} (21)
  \Note 4:6 {eyes}={eyes} (22)
  \Note  {}={} (23)
  \Note 4:7 {lion}={lion} (24)
  \Note 4:7 {calf}={calf} (25)
  \Note 4:7 {man}={man} (26)
  \Note 4:7 {eagle}={eagle} (27)
  \Note  {}={} (28)
  \Note 4:8 {wings}={wings} (29)
  \Note 4:8 {full of eyes within}={full of eyes within} (30)
  \Note 4:8 {Holy, holy, holy}={Holy, holy, holy} (31)
 [4] [5] [6] [7] [8] [9] [10] [11] [12] [13]) [14] [15])</usr/local/texlive/2025
/texmf-dist/fonts/opentype/public/tex-gyre/texgyreheroscn-regular.otf></usr/loca
l/texlive/2025/texmf-dist/fonts/opentype/public/tex-gyre/texgyreheroscn-bold.otf
></usr/local/texlive/2025/texmf-dist/fonts/opentype/public/tex-gyre/texgyreterme
s-italic.otf></usr/local/texlive/2025/texmf-dist/fonts/opentype/public/tex-gyre/
texgyretermes-regular.otf></usr/local/texlive/2025/texmf-dist/fonts/opentype/pub
lic/tex-gyre/texgyretermes-bold.otf>
Output written on main.pdf (15 pages, 251928 bytes).

PDF statistics: 130 PDF objects out of 1000 (max. 8388607)
 97 compressed objects within 1 object stream
 39 named destinations out of 1000 (max. 131072)
 1 words of extra memory for PDF output out of 10000 (max. 100000000)

